             GGG   U   U  I  DDDD   EEEE
            G   G  U   U  I  D   D  E
            G      U   U  I  D   D  E
            G  GG  U   U  I  D   D  EEE
            G   G  U   U  I  D   D  E
            G   G  U   U  I  D   D  E
             GGG    UUU   I  DDDD   EEEE
   
 GUIDE Classification and Regression Trees and Forests
 Version 41.2 (Build date: April 9, 2023)          
 Compiled with gfortran 11.3.0 on Ubuntu 22.04.2                       
 Copyright (c) 1997-2023 Wei-Yin Loh. All rights reserved.
 This software is based upon work partially supported by the U.S. Army Research Office,
 National Science Foundation, National Institutes of Health,
 Bureau of Labor Statistics, USDA Economic Research Service, and Eli Lilly.
  
 This job was started on 11/28/23 at 07:18
  
 Least squares regression tree
 No pruning
 Data description file: data.dsc
 Training sample file: data.txt
 Missing value code: NA
 Records in data file start on line 3
 2 N variables changed to S
 D variable is strikes
 Piecewise constant model
 Number of records in data file: 625
 Length of longest entry in data file: 6
  
 Summary information for training sample of size 625
 d=dependent, b=split and fit cat variable using indicator variables,
 c=split-only categorical, i=fit-only categorical (via indicators),
 s=split-only numerical, n=split and fit numerical, f=fit-only numerical,
 m=missing-value flag variable, p=periodic variable, w=weight
                                                  #Codes/           
                                                  Levels/           
  Column  Name            Minimum      Maximum    Periods   #Missing
       3  strikes    d    0.000        7000.    
       4  unemp      c                                  4
       5  inflat     c                                  3
       6  politis    s    8.160        78.70    
       7  union      s    0.000        1.000    
  
      Total  #cases w/   #missing
     #cases    miss. D  ord. vals   #X-var   #N-var   #F-var   #S-var
        625          0          0        2        0        0        2
     #P-var   #M-var   #B-var   #C-var   #I-var
          0        0        0        2        0
 No weight variable in data file
 Number of cases used for training: 625
 Number of split variables: 4
  
 Constant fitted to cases with missing values in regressor variables
 No nodewise interaction tests
 Split values for N and S variables based on exhaustive search
 Maximum number of split levels: 4
 Minimum node sample size: 5
 Top-ranked variables and 1-df chi-squared values at root node
      1  0.9044E+02   unemp
      2  0.5937E+02   union
      3  0.1338E+02   inflat
      4  0.3721E+01   politis

  
 Structure of final tree. Each terminal node is marked with a T.
  
 D-mean is mean of strikes in the node
 Cases fit give the number of cases used to fit node
 MSE is residual sum of squares divided by number of cases in node
        Node    Total    Cases Matrix    Node      Node          Split
        label   cases      fit  rank    D-mean     MSE           variable
           1      625      625     1  3.023E+02  3.143E+05   unemp 
           2      325      325     1  1.586E+02  1.584E+05   union 
           4      243      243     1  1.893E+02  1.985E+05   union 
           8      186      186     1  1.672E+02  7.381E+04   union 
          16T     139      139     1  2.061E+02  6.462E+04   unemp 
          17T      47       47     1  5.213E+01  8.488E+04   politis 
           9       57       57     1  2.612E+02  6.070E+05   politis 
          18T      21       21     1  5.020E+02  1.490E+06   inflat 
          19T      36       36     1  1.207E+02  6.465E+04   unemp 
           5       82       82     1  6.788E+01  2.958E+04   union 
          10       60       60     1  8.287E+01  3.851E+04   politis 
          20T      45       45     1  6.111E+01  3.097E+04   politis 
          21T      15       15     1  1.481E+02  5.890E+04   politis 
          11       22       22     1  2.700E+01  3.500E+03   politis 
          22T       6        6     1  7.500E+01  1.017E+04   - 
          23T      16       16     1  9.000E+00  2.449E+02   politis 
           3      300      300     1  4.579E+02  4.376E+05   union 
           6      234      234     1  5.436E+02  5.132E+05   inflat 
          12       76       76     1  4.440E+02  5.737E+05   union 
          24T      32       32     1  5.968E+02  1.004E+06   unemp 
          25T      44       44     1  3.328E+02  2.468E+05   union 
          13      158      158     1  5.916E+02  4.805E+05   unemp 
          26T      58       58     1  7.171E+02  9.093E+05   inflat 
          27T     100      100     1  5.188E+02  2.238E+05   union 
           7       66       66     1  1.541E+02  5.303E+04   politis 
          14T      10       10     1  4.675E+02  1.723E+05   - 
          15       56       56     1  9.816E+01  1.344E+04   union 
          30T      33       33     1  1.385E+02  1.656E+04   politis 
          31T      23       23     1  4.030E+01  3.579E+03   union 
  
 Number of terminal nodes of final tree: 15
 Total number of nodes of final tree: 29
 Second best split variable (based on curvature test) at root node is union
  
 Regression tree:
 For categorical variable splits, values not in training data go to the right
  
 Node 1: unemp = "0.0", "1.0"
   Node 2: union <= 0.81250000
     Node 4: union <= 0.62500000
       Node 8: union <= 0.43750000
         Node 16: strikes-mean = 206.12950
       Node 8: union > 0.43750000 or NA
         Node 17: strikes-mean = 52.127660
     Node 4: union > 0.62500000 or NA
       Node 9: politis <= 28.600000
         Node 18: strikes-mean = 502.00000
       Node 9: politis > 28.600000 or NA
         Node 19: strikes-mean = 120.66667
   Node 2: union > 0.81250000 or NA
     Node 5: union <= 0.93750000
       Node 10: politis <= 52.100000
         Node 20: strikes-mean = 61.111111
       Node 10: politis > 52.100000 or NA
         Node 21: strikes-mean = 148.13333
     Node 5: union > 0.93750000 or NA
       Node 11: politis <= 47.600000
         Node 22: strikes-mean = 75.000000
       Node 11: politis > 47.600000 or NA
         Node 23: strikes-mean = 9.0000000
 Node 1: unemp /= "0.0", "1.0"
   Node 3: union <= 0.62500000
     Node 6: inflat = "0.0"
       Node 12: union <= 0.62500000E-1
         Node 24: strikes-mean = 596.78125
       Node 12: union > 0.62500000E-1 or NA
         Node 25: strikes-mean = 332.81818
     Node 6: inflat /= "0.0"
       Node 13: unemp = "2.0"
         Node 26: strikes-mean = 717.06897
       Node 13: unemp /= "2.0"
         Node 27: strikes-mean = 518.82000
   Node 3: union > 0.62500000 or NA
     Node 7: politis <= 28.900000
       Node 14: strikes-mean = 467.50000
     Node 7: politis > 28.900000 or NA
       Node 15: union <= 0.81250000
         Node 30: strikes-mean = 138.48485
       Node 15: union > 0.81250000 or NA
         Node 31: strikes-mean = 40.304348
 
 ***************************************************************
  
 WARNING: p-values below not adjusted for split search. For a bootstrap solution see:
  
 1. Loh et al. (2016), "Identification of subgroups with differential treatment effects
 for longitudinal and multiresponse variables", Statistics in Medicine, v.35, 4837-4855.
  
 2. Loh et al. (2019), "Subgroups from regression trees with adjustment for prognostic
 effects and post-selection inference", Statistics in Medicine, v.38, 545-557.
  
 3. Loh and Zhou (2020), "The GUIDE approach to subgroup identification",
 in "Design and Analysis of Subgroups with Biopharmaceutical Applications", Springer, pp.147-165.
  
Node 1: Intermediate node
 A case goes into Node 2 if unemp = "0.0", "1.0"
 unemp mode = "1.0"
 Coefficients of least squares regression function:
 Regressor    Coefficient  t-stat      p-value
 Constant      302.3        13.48       0.1443E-14
 strikes mean = 302.302
 ----------------------------
Node 2: Intermediate node
 A case goes into Node 4 if union <= 0.81250000
 union mean = 0.53961538
 ----------------------------
Node 4: Intermediate node
 A case goes into Node 8 if union <= 0.62500000
 union mean = 0.41512346
 ----------------------------
Node 8: Intermediate node
 A case goes into Node 16 if union <= 0.43750000
 union mean = 0.31250000
 ----------------------------
Node 16: Terminal node
 Coefficients of least squares regression functions:
 Regressor    Coefficient  t-stat      p-value
 Constant      206.1        9.560        0.000    
 strikes mean = 206.129
 ----------------------------
Node 17: Terminal node
 Coefficients of least squares regression functions:
 Regressor    Coefficient  t-stat      p-value
 Constant      52.13        1.227       0.2262    
 strikes mean = 52.1277
 ----------------------------
Node 9: Intermediate node
 A case goes into Node 18 if politis <= 28.600000
 politis mean = 30.975439
 ----------------------------
Node 18: Terminal node
 Coefficients of least squares regression functions:
 Regressor    Coefficient  t-stat      p-value
 Constant      502.0        1.885       0.7412E-01
 strikes mean = 502.000
 ----------------------------
Node 19: Terminal node
 Coefficients of least squares regression functions:
 Regressor    Coefficient  t-stat      p-value
 Constant      120.7        2.847       0.7327E-02
 strikes mean = 120.667
 ----------------------------
Node 5: Intermediate node
 A case goes into Node 10 if union <= 0.93750000
 union mean = 0.90853659
 ----------------------------
Node 10: Intermediate node
 A case goes into Node 20 if politis <= 52.100000
 politis mean = 51.125000
 ----------------------------
Node 20: Terminal node
 Coefficients of least squares regression functions:
 Regressor    Coefficient  t-stat      p-value
 Constant      61.11        2.330       0.2448E-01
 strikes mean = 61.1111
 ----------------------------
Node 21: Terminal node
 Coefficients of least squares regression functions:
 Regressor    Coefficient  t-stat      p-value
 Constant      148.1        2.364       0.3307E-01
 strikes mean = 148.133
 ----------------------------
Node 11: Intermediate node
 A case goes into Node 22 if politis <= 47.600000
 politis mean = 49.095455
 ----------------------------
Node 22: Terminal node
 Coefficients of least squares regression functions:
 Regressor    Coefficient  t-stat      p-value
 Constant      75.00        1.822       0.1281    
 strikes mean = 75.0000
 ----------------------------
Node 23: Terminal node
 Coefficients of least squares regression functions:
 Regressor    Coefficient  t-stat      p-value
 Constant      9.000        2.300       0.3621E-01
 strikes mean = 9.00000
 ----------------------------
Node 3: Intermediate node
 A case goes into Node 6 if union <= 0.62500000
 union mean = 0.36541667
 ----------------------------
Node 6: Intermediate node
 A case goes into Node 12 if inflat = "0.0"
 inflat mode = "2.0"
 ----------------------------
Node 12: Intermediate node
 A case goes into Node 24 if union <= 0.62500000E-1
 union mean = 0.19078947
 ----------------------------
Node 24: Terminal node
 Coefficients of least squares regression functions:
 Regressor    Coefficient  t-stat      p-value
 Constant      596.8        3.369       0.2031E-02
 strikes mean = 596.781
 ----------------------------
Node 25: Terminal node
 Coefficients of least squares regression functions:
 Regressor    Coefficient  t-stat      p-value
 Constant      332.8        4.444       0.6105E-04
 strikes mean = 332.818
 ----------------------------
Node 13: Intermediate node
 A case goes into Node 26 if unemp = "2.0"
 unemp mode = "3.0"
 ----------------------------
Node 26: Terminal node
 Coefficients of least squares regression functions:
 Regressor    Coefficient  t-stat      p-value
 Constant      717.1        5.727       0.4011E-06
 strikes mean = 717.069
 ----------------------------
Node 27: Terminal node
 Coefficients of least squares regression functions:
 Regressor    Coefficient  t-stat      p-value
 Constant      518.8        10.97        0.000    
 strikes mean = 518.820
 ----------------------------
Node 7: Intermediate node
 A case goes into Node 14 if politis <= 28.900000
 politis mean = 38.780303
 ----------------------------
Node 14: Terminal node
 Coefficients of least squares regression functions:
 Regressor    Coefficient  t-stat      p-value
 Constant      467.5        3.562       0.6100E-02
 strikes mean = 467.500
 ----------------------------
Node 15: Intermediate node
 A case goes into Node 30 if union <= 0.81250000
 union mean = 0.83035714
 ----------------------------
Node 30: Terminal node
 Coefficients of least squares regression functions:
 Regressor    Coefficient  t-stat      p-value
 Constant      138.5        6.182       0.6423E-06
 strikes mean = 138.485
 ----------------------------
Node 31: Terminal node
 Coefficients of least squares regression functions:
 Regressor    Coefficient  t-stat      p-value
 Constant      40.30        3.231       0.3841E-02
 strikes mean = 40.3043
 ----------------------------
 Proportion of variance (R-squared) explained by tree model: 0.1587
 
 Observed and fitted values are stored in data.node
 R code is stored in data.r
 Split and fit variable names are stored in data.split_and_fit
 Elapsed time in seconds: 0.17799E-1
